Archive member included to satisfy reference by file (symbol)

/usr/lib/gcc/arm-none-eabi/10.3.1/../../../arm-none-eabi/lib/thumb/v6-m/nofp/libc_nano.a(lib_a-init.o)
                              /tmp/ccYBYMoW.o (__libc_init_array)
/usr/lib/gcc/arm-none-eabi/10.3.1/thumb/v6-m/nofp/libgcc.a(_udivsi3.o)
                              /tmp/cckCHnR0.o (__aeabi_uidiv)
/usr/lib/gcc/arm-none-eabi/10.3.1/thumb/v6-m/nofp/libgcc.a(_dvmd_tls.o)
                              /usr/lib/gcc/arm-none-eabi/10.3.1/thumb/v6-m/nofp/libgcc.a(_udivsi3.o) (__aeabi_idiv0)

Discarded input sections

 .group         0x0000000000000000        0xc /tmp/cc0wLSsh.o
 .group         0x0000000000000000        0xc /tmp/cc0wLSsh.o
 .group         0x0000000000000000        0xc /tmp/cc0wLSsh.o
 .group         0x0000000000000000        0xc /tmp/cc0wLSsh.o
 .group         0x0000000000000000        0xc /tmp/cc0wLSsh.o
 .group         0x0000000000000000        0xc /tmp/cc0wLSsh.o
 .group         0x0000000000000000        0xc /tmp/cc0wLSsh.o
 .group         0x0000000000000000        0xc /tmp/cc0wLSsh.o
 .group         0x0000000000000000        0xc /tmp/cc0wLSsh.o
 .group         0x0000000000000000        0xc /tmp/cc0wLSsh.o
 .group         0x0000000000000000        0xc /tmp/cc0wLSsh.o
 .group         0x0000000000000000        0xc /tmp/cc0wLSsh.o
 .group         0x0000000000000000        0xc /tmp/cc0wLSsh.o
 .group         0x0000000000000000        0xc /tmp/cc0wLSsh.o
 .group         0x0000000000000000        0xc /tmp/cc0wLSsh.o
 .group         0x0000000000000000        0xc /tmp/cc0wLSsh.o
 .group         0x0000000000000000        0xc /tmp/cc0wLSsh.o
 .group         0x0000000000000000        0xc /tmp/cc0wLSsh.o
 .group         0x0000000000000000        0xc /tmp/cc0wLSsh.o
 .group         0x0000000000000000        0xc /tmp/cc0wLSsh.o
 .group         0x0000000000000000        0xc /tmp/cc0wLSsh.o
 .group         0x0000000000000000        0xc /tmp/cc0wLSsh.o
 .group         0x0000000000000000        0xc /tmp/cc0wLSsh.o
 .group         0x0000000000000000        0xc /tmp/cc0wLSsh.o
 .group         0x0000000000000000        0xc /tmp/cc0wLSsh.o
 .group         0x0000000000000000        0xc /tmp/cc0wLSsh.o
 .group         0x0000000000000000        0xc /tmp/cc0wLSsh.o
 .group         0x0000000000000000        0xc /tmp/cc0wLSsh.o
 .group         0x0000000000000000        0xc /tmp/cc0wLSsh.o
 .group         0x0000000000000000        0xc /tmp/cc0wLSsh.o
 .group         0x0000000000000000        0xc /tmp/cc0wLSsh.o
 .group         0x0000000000000000        0xc /tmp/cc0wLSsh.o
 .group         0x0000000000000000        0xc /tmp/cc0wLSsh.o
 .group         0x0000000000000000        0xc /tmp/cc0wLSsh.o
 .group         0x0000000000000000        0xc /tmp/cc0wLSsh.o
 .group         0x0000000000000000        0xc /tmp/cc0wLSsh.o
 .group         0x0000000000000000        0xc /tmp/cc0wLSsh.o
 .group         0x0000000000000000        0xc /tmp/cc0wLSsh.o
 .group         0x0000000000000000        0xc /tmp/cc0wLSsh.o
 .group         0x0000000000000000        0xc /tmp/cc0wLSsh.o
 .group         0x0000000000000000        0xc /tmp/cc0wLSsh.o
 .group         0x0000000000000000        0xc /tmp/cc0wLSsh.o
 .group         0x0000000000000000        0xc /tmp/cc0wLSsh.o
 .group         0x0000000000000000        0xc /tmp/cc0wLSsh.o
 .group         0x0000000000000000        0xc /tmp/cc0wLSsh.o
 .group         0x0000000000000000        0xc /tmp/cc0wLSsh.o
 .group         0x0000000000000000        0xc /tmp/cc0wLSsh.o
 .group         0x0000000000000000        0xc /tmp/cc0wLSsh.o
 .group         0x0000000000000000        0xc /tmp/cc0wLSsh.o
 .group         0x0000000000000000        0xc /tmp/cc0wLSsh.o
 .group         0x0000000000000000        0xc /tmp/cc0wLSsh.o
 .group         0x0000000000000000        0xc /tmp/cc0wLSsh.o
 .group         0x0000000000000000        0xc /tmp/cc0wLSsh.o
 .group         0x0000000000000000        0xc /tmp/cc0wLSsh.o
 .text          0x0000000000000000        0x0 /tmp/cc0wLSsh.o
 .data          0x0000000000000000        0x0 /tmp/cc0wLSsh.o
 .bss           0x0000000000000000        0x0 /tmp/cc0wLSsh.o
 .group         0x0000000000000000        0xc /tmp/cczcBzgJ.o
 .group         0x0000000000000000        0xc /tmp/cczcBzgJ.o
 .group         0x0000000000000000        0xc /tmp/cczcBzgJ.o
 .group         0x0000000000000000        0xc /tmp/cczcBzgJ.o
 .group         0x0000000000000000        0xc /tmp/cczcBzgJ.o
 .group         0x0000000000000000        0xc /tmp/cczcBzgJ.o
 .group         0x0000000000000000        0xc /tmp/cczcBzgJ.o
 .group         0x0000000000000000        0xc /tmp/cczcBzgJ.o
 .group         0x0000000000000000        0xc /tmp/cczcBzgJ.o
 .group         0x0000000000000000        0xc /tmp/cczcBzgJ.o
 .group         0x0000000000000000        0xc /tmp/cczcBzgJ.o
 .group         0x0000000000000000        0xc /tmp/cczcBzgJ.o
 .group         0x0000000000000000        0xc /tmp/cczcBzgJ.o
 .group         0x0000000000000000        0xc /tmp/cczcBzgJ.o
 .group         0x0000000000000000        0xc /tmp/cczcBzgJ.o
 .group         0x0000000000000000        0xc /tmp/cczcBzgJ.o
 .group         0x0000000000000000        0xc /tmp/cczcBzgJ.o
 .group         0x0000000000000000        0xc /tmp/cczcBzgJ.o
 .group         0x0000000000000000        0xc /tmp/cczcBzgJ.o
 .group         0x0000000000000000        0xc /tmp/cczcBzgJ.o
 .group         0x0000000000000000        0xc /tmp/cczcBzgJ.o
 .group         0x0000000000000000        0xc /tmp/cczcBzgJ.o
 .group         0x0000000000000000        0xc /tmp/cczcBzgJ.o
 .group         0x0000000000000000        0xc /tmp/cczcBzgJ.o
 .group         0x0000000000000000        0xc /tmp/cczcBzgJ.o
 .group         0x0000000000000000        0xc /tmp/cczcBzgJ.o
 .group         0x0000000000000000        0xc /tmp/cczcBzgJ.o
 .group         0x0000000000000000        0xc /tmp/cczcBzgJ.o
 .group         0x0000000000000000        0xc /tmp/cczcBzgJ.o
 .group         0x0000000000000000        0xc /tmp/cczcBzgJ.o
 .group         0x0000000000000000        0xc /tmp/cczcBzgJ.o
 .group         0x0000000000000000        0xc /tmp/cczcBzgJ.o
 .group         0x0000000000000000        0xc /tmp/cczcBzgJ.o
 .group         0x0000000000000000        0xc /tmp/cczcBzgJ.o
 .group         0x0000000000000000        0xc /tmp/cczcBzgJ.o
 .group         0x0000000000000000        0xc /tmp/cczcBzgJ.o
 .group         0x0000000000000000        0xc /tmp/cczcBzgJ.o
 .group         0x0000000000000000        0xc /tmp/cczcBzgJ.o
 .group         0x0000000000000000        0xc /tmp/cczcBzgJ.o
 .group         0x0000000000000000        0xc /tmp/cczcBzgJ.o
 .group         0x0000000000000000        0xc /tmp/cczcBzgJ.o
 .group         0x0000000000000000        0xc /tmp/cczcBzgJ.o
 .group         0x0000000000000000        0xc /tmp/cczcBzgJ.o
 .group         0x0000000000000000        0xc /tmp/cczcBzgJ.o
 .group         0x0000000000000000        0xc /tmp/cczcBzgJ.o
 .group         0x0000000000000000        0xc /tmp/cczcBzgJ.o
 .group         0x0000000000000000        0xc /tmp/cczcBzgJ.o
 .group         0x0000000000000000        0xc /tmp/cczcBzgJ.o
 .group         0x0000000000000000        0xc /tmp/cczcBzgJ.o
 .group         0x0000000000000000        0xc /tmp/cczcBzgJ.o
 .group         0x0000000000000000        0xc /tmp/cczcBzgJ.o
 .group         0x0000000000000000        0xc /tmp/cczcBzgJ.o
 .group         0x0000000000000000        0xc /tmp/cczcBzgJ.o
 .group         0x0000000000000000        0xc /tmp/cczcBzgJ.o
 .text          0x0000000000000000        0x0 /tmp/cczcBzgJ.o
 .data          0x0000000000000000        0x0 /tmp/cczcBzgJ.o
 .bss           0x0000000000000000        0x0 /tmp/cczcBzgJ.o
 .text._fstat   0x0000000000000000       0x14 /tmp/cczcBzgJ.o
 .text._sbrk    0x0000000000000000       0x20 /tmp/cczcBzgJ.o
 .text._open    0x0000000000000000        0x6 /tmp/cczcBzgJ.o
 .text._close   0x0000000000000000        0x6 /tmp/cczcBzgJ.o
 .text._isatty  0x0000000000000000        0x4 /tmp/cczcBzgJ.o
 .text._lseek   0x0000000000000000        0x4 /tmp/cczcBzgJ.o
 .text._exit    0x0000000000000000        0x4 /tmp/cczcBzgJ.o
 .text._kill    0x0000000000000000        0x2 /tmp/cczcBzgJ.o
 .text._getpid  0x0000000000000000        0x6 /tmp/cczcBzgJ.o
 .text._write   0x0000000000000000       0x18 /tmp/cczcBzgJ.o
 .text._read    0x0000000000000000        0x6 /tmp/cczcBzgJ.o
 .text._link    0x0000000000000000        0x6 /tmp/cczcBzgJ.o
 .text._unlink  0x0000000000000000        0x6 /tmp/cczcBzgJ.o
 .text._stat    0x0000000000000000        0x6 /tmp/cczcBzgJ.o
 .text.mkdir    0x0000000000000000        0x6 /tmp/cczcBzgJ.o
 .bss.heap.0    0x0000000000000000        0x4 /tmp/cczcBzgJ.o
 .debug_macro   0x0000000000000000      0xa42 /tmp/cczcBzgJ.o
 .debug_macro   0x0000000000000000       0x22 /tmp/cczcBzgJ.o
 .debug_macro   0x0000000000000000       0x46 /tmp/cczcBzgJ.o
 .debug_macro   0x0000000000000000       0x18 /tmp/cczcBzgJ.o
 .debug_macro   0x0000000000000000       0x94 /tmp/cczcBzgJ.o
 .debug_macro   0x0000000000000000       0x3c /tmp/cczcBzgJ.o
 .debug_macro   0x0000000000000000       0x57 /tmp/cczcBzgJ.o
 .debug_macro   0x0000000000000000      0x333 /tmp/cczcBzgJ.o
 .debug_macro   0x0000000000000000       0x16 /tmp/cczcBzgJ.o
 .debug_macro   0x0000000000000000       0x43 /tmp/cczcBzgJ.o
 .debug_macro   0x0000000000000000       0x34 /tmp/cczcBzgJ.o
 .debug_macro   0x0000000000000000       0x10 /tmp/cczcBzgJ.o
 .debug_macro   0x0000000000000000       0x52 /tmp/cczcBzgJ.o
 .debug_macro   0x0000000000000000       0x71 /tmp/cczcBzgJ.o
 .debug_macro   0x0000000000000000       0x1c /tmp/cczcBzgJ.o
 .debug_macro   0x0000000000000000      0x12a /tmp/cczcBzgJ.o
 .debug_macro   0x0000000000000000       0x35 /tmp/cczcBzgJ.o
 .debug_macro   0x0000000000000000       0x10 /tmp/cczcBzgJ.o
 .debug_macro   0x0000000000000000       0x10 /tmp/cczcBzgJ.o
 .debug_macro   0x0000000000000000       0x6a /tmp/cczcBzgJ.o
 .debug_macro   0x0000000000000000       0x1c /tmp/cczcBzgJ.o
 .debug_macro   0x0000000000000000       0x52 /tmp/cczcBzgJ.o
 .debug_macro   0x0000000000000000       0x22 /tmp/cczcBzgJ.o
 .debug_macro   0x0000000000000000       0x10 /tmp/cczcBzgJ.o
 .debug_macro   0x0000000000000000       0x40 /tmp/cczcBzgJ.o
 .debug_macro   0x0000000000000000       0xd5 /tmp/cczcBzgJ.o
 .debug_macro   0x0000000000000000       0x1c /tmp/cczcBzgJ.o
 .debug_macro   0x0000000000000000       0x3d /tmp/cczcBzgJ.o
 .debug_macro   0x0000000000000000      0x12c /tmp/cczcBzgJ.o
 .debug_macro   0x0000000000000000      0x103 /tmp/cczcBzgJ.o
 .debug_macro   0x0000000000000000      0x34e /tmp/cczcBzgJ.o
 .debug_macro   0x0000000000000000       0x22 /tmp/cczcBzgJ.o
 .debug_macro   0x0000000000000000       0x1c /tmp/cczcBzgJ.o
 .debug_macro   0x0000000000000000       0x10 /tmp/cczcBzgJ.o
 .debug_macro   0x0000000000000000       0x16 /tmp/cczcBzgJ.o
 .debug_macro   0x0000000000000000      0x145 /tmp/cczcBzgJ.o
 .debug_macro   0x0000000000000000       0x16 /tmp/cczcBzgJ.o
 .debug_macro   0x0000000000000000       0x16 /tmp/cczcBzgJ.o
 .debug_macro   0x0000000000000000       0x29 /tmp/cczcBzgJ.o
 .debug_macro   0x0000000000000000       0x22 /tmp/cczcBzgJ.o
 .debug_macro   0x0000000000000000       0x1c /tmp/cczcBzgJ.o
 .debug_macro   0x0000000000000000       0x22 /tmp/cczcBzgJ.o
 .debug_macro   0x0000000000000000       0xaf /tmp/cczcBzgJ.o
 .debug_macro   0x0000000000000000      0x391 /tmp/cczcBzgJ.o
 .debug_macro   0x0000000000000000     0xfe50 /tmp/cczcBzgJ.o
 .debug_macro   0x0000000000000000       0x34 /tmp/cczcBzgJ.o
 .debug_macro   0x0000000000000000       0x10 /tmp/cczcBzgJ.o
 .group         0x0000000000000000        0xc /tmp/ccarhngx.o
 .group         0x0000000000000000        0xc /tmp/ccarhngx.o
 .group         0x0000000000000000        0xc /tmp/ccarhngx.o
 .group         0x0000000000000000        0xc /tmp/ccarhngx.o
 .group         0x0000000000000000        0xc /tmp/ccarhngx.o
 .group         0x0000000000000000        0xc /tmp/ccarhngx.o
 .group         0x0000000000000000        0xc /tmp/ccarhngx.o
 .group         0x0000000000000000        0xc /tmp/ccarhngx.o
 .group         0x0000000000000000        0xc /tmp/ccarhngx.o
 .group         0x0000000000000000        0xc /tmp/ccarhngx.o
 .group         0x0000000000000000        0xc /tmp/ccarhngx.o
 .group         0x0000000000000000        0xc /tmp/ccarhngx.o
 .group         0x0000000000000000        0xc /tmp/ccarhngx.o
 .group         0x0000000000000000        0xc /tmp/ccarhngx.o
 .group         0x0000000000000000        0xc /tmp/ccarhngx.o
 .group         0x0000000000000000        0xc /tmp/ccarhngx.o
 .group         0x0000000000000000        0xc /tmp/ccarhngx.o
 .group         0x0000000000000000        0xc /tmp/ccarhngx.o
 .group         0x0000000000000000        0xc /tmp/ccarhngx.o
 .group         0x0000000000000000        0xc /tmp/ccarhngx.o
 .group         0x0000000000000000        0xc /tmp/ccarhngx.o
 .group         0x0000000000000000        0xc /tmp/ccarhngx.o
 .group         0x0000000000000000        0xc /tmp/ccarhngx.o
 .group         0x0000000000000000        0xc /tmp/ccarhngx.o
 .group         0x0000000000000000        0xc /tmp/ccarhngx.o
 .group         0x0000000000000000        0xc /tmp/ccarhngx.o
 .group         0x0000000000000000        0xc /tmp/ccarhngx.o
 .group         0x0000000000000000        0xc /tmp/ccarhngx.o
 .group         0x0000000000000000        0xc /tmp/ccarhngx.o
 .group         0x0000000000000000        0xc /tmp/ccarhngx.o
 .group         0x0000000000000000        0xc /tmp/ccarhngx.o
 .group         0x0000000000000000        0xc /tmp/ccarhngx.o
 .group         0x0000000000000000        0xc /tmp/ccarhngx.o
 .group         0x0000000000000000        0xc /tmp/ccarhngx.o
 .group         0x0000000000000000        0xc /tmp/ccarhngx.o
 .group         0x0000000000000000        0xc /tmp/ccarhngx.o
 .group         0x0000000000000000        0xc /tmp/ccarhngx.o
 .group         0x0000000000000000        0xc /tmp/ccarhngx.o
 .group         0x0000000000000000        0xc /tmp/ccarhngx.o
 .group         0x0000000000000000        0xc /tmp/ccarhngx.o
 .group         0x0000000000000000        0xc /tmp/ccarhngx.o
 .group         0x0000000000000000        0xc /tmp/ccarhngx.o
 .group         0x0000000000000000        0xc /tmp/ccarhngx.o
 .group         0x0000000000000000        0xc /tmp/ccarhngx.o
 .group         0x0000000000000000        0xc /tmp/ccarhngx.o
 .group         0x0000000000000000        0xc /tmp/ccarhngx.o
 .group         0x0000000000000000        0xc /tmp/ccarhngx.o
 .group         0x0000000000000000        0xc /tmp/ccarhngx.o
 .group         0x0000000000000000        0xc /tmp/ccarhngx.o
 .group         0x0000000000000000        0xc /tmp/ccarhngx.o
 .group         0x0000000000000000        0xc /tmp/ccarhngx.o
 .group         0x0000000000000000        0xc /tmp/ccarhngx.o
 .group         0x0000000000000000        0xc /tmp/ccarhngx.o
 .text          0x0000000000000000        0x0 /tmp/ccarhngx.o
 .data          0x0000000000000000        0x0 /tmp/ccarhngx.o
 .bss           0x0000000000000000        0x0 /tmp/ccarhngx.o
 .text.spin     0x0000000000000000       0x12 /tmp/ccarhngx.o
 .text.gpio_write
                0x0000000000000000       0x1c /tmp/ccarhngx.o
 .debug_macro   0x0000000000000000      0xa42 /tmp/ccarhngx.o
 .debug_macro   0x0000000000000000       0x22 /tmp/ccarhngx.o
 .debug_macro   0x0000000000000000       0x46 /tmp/ccarhngx.o
 .debug_macro   0x0000000000000000       0x18 /tmp/ccarhngx.o
 .debug_macro   0x0000000000000000       0x94 /tmp/ccarhngx.o
 .debug_macro   0x0000000000000000       0x3c /tmp/ccarhngx.o
 .debug_macro   0x0000000000000000      0x103 /tmp/ccarhngx.o
 .debug_macro   0x0000000000000000       0x3a /tmp/ccarhngx.o
 .debug_macro   0x0000000000000000      0x34e /tmp/ccarhngx.o
 .debug_macro   0x0000000000000000       0x82 /tmp/ccarhngx.o
 .debug_macro   0x0000000000000000      0x379 /tmp/ccarhngx.o
 .debug_macro   0x0000000000000000       0x22 /tmp/ccarhngx.o
 .debug_macro   0x0000000000000000       0x1c /tmp/ccarhngx.o
 .debug_macro   0x0000000000000000       0x57 /tmp/ccarhngx.o
 .debug_macro   0x0000000000000000       0x97 /tmp/ccarhngx.o
 .debug_macro   0x0000000000000000      0x333 /tmp/ccarhngx.o
 .debug_macro   0x0000000000000000       0x8d /tmp/ccarhngx.o
 .debug_macro   0x0000000000000000       0x10 /tmp/ccarhngx.o
 .debug_macro   0x0000000000000000       0x16 /tmp/ccarhngx.o
 .debug_macro   0x0000000000000000       0x43 /tmp/ccarhngx.o
 .debug_macro   0x0000000000000000       0x34 /tmp/ccarhngx.o
 .debug_macro   0x0000000000000000       0x10 /tmp/ccarhngx.o
 .debug_macro   0x0000000000000000       0x52 /tmp/ccarhngx.o
 .debug_macro   0x0000000000000000       0x71 /tmp/ccarhngx.o
 .debug_macro   0x0000000000000000       0x1c /tmp/ccarhngx.o
 .debug_macro   0x0000000000000000      0x12a /tmp/ccarhngx.o
 .debug_macro   0x0000000000000000       0x10 /tmp/ccarhngx.o
 .debug_macro   0x0000000000000000       0x6a /tmp/ccarhngx.o
 .debug_macro   0x0000000000000000       0x1c /tmp/ccarhngx.o
 .debug_macro   0x0000000000000000       0x52 /tmp/ccarhngx.o
 .debug_macro   0x0000000000000000       0x22 /tmp/ccarhngx.o
 .debug_macro   0x0000000000000000       0x10 /tmp/ccarhngx.o
 .debug_macro   0x0000000000000000       0x40 /tmp/ccarhngx.o
 .debug_macro   0x0000000000000000       0xd5 /tmp/ccarhngx.o
 .debug_macro   0x0000000000000000       0x1c /tmp/ccarhngx.o
 .debug_macro   0x0000000000000000       0x3d /tmp/ccarhngx.o
 .debug_macro   0x0000000000000000       0x16 /tmp/ccarhngx.o
 .debug_macro   0x0000000000000000      0x145 /tmp/ccarhngx.o
 .debug_macro   0x0000000000000000       0x16 /tmp/ccarhngx.o
 .debug_macro   0x0000000000000000       0x35 /tmp/ccarhngx.o
 .debug_macro   0x0000000000000000       0x10 /tmp/ccarhngx.o
 .debug_macro   0x0000000000000000       0x41 /tmp/ccarhngx.o
 .debug_macro   0x0000000000000000      0x12c /tmp/ccarhngx.o
 .debug_macro   0x0000000000000000       0x16 /tmp/ccarhngx.o
 .debug_macro   0x0000000000000000       0x16 /tmp/ccarhngx.o
 .debug_macro   0x0000000000000000       0x29 /tmp/ccarhngx.o
 .debug_macro   0x0000000000000000       0x22 /tmp/ccarhngx.o
 .debug_macro   0x0000000000000000       0x1c /tmp/ccarhngx.o
 .debug_macro   0x0000000000000000       0x22 /tmp/ccarhngx.o
 .debug_macro   0x0000000000000000       0xaf /tmp/ccarhngx.o
 .debug_macro   0x0000000000000000      0x391 /tmp/ccarhngx.o
 .debug_macro   0x0000000000000000     0xfe50 /tmp/ccarhngx.o
 .debug_macro   0x0000000000000000       0x34 /tmp/ccarhngx.o
 .group         0x0000000000000000        0xc /tmp/cckCHnR0.o
 .group         0x0000000000000000        0xc /tmp/cckCHnR0.o
 .group         0x0000000000000000        0xc /tmp/cckCHnR0.o
 .group         0x0000000000000000        0xc /tmp/cckCHnR0.o
 .group         0x0000000000000000        0xc /tmp/cckCHnR0.o
 .group         0x0000000000000000        0xc /tmp/cckCHnR0.o
 .group         0x0000000000000000        0xc /tmp/cckCHnR0.o
 .group         0x0000000000000000        0xc /tmp/cckCHnR0.o
 .group         0x0000000000000000        0xc /tmp/cckCHnR0.o
 .group         0x0000000000000000        0xc /tmp/cckCHnR0.o
 .group         0x0000000000000000        0xc /tmp/cckCHnR0.o
 .group         0x0000000000000000        0xc /tmp/cckCHnR0.o
 .group         0x0000000000000000        0xc /tmp/cckCHnR0.o
 .group         0x0000000000000000        0xc /tmp/cckCHnR0.o
 .group         0x0000000000000000        0xc /tmp/cckCHnR0.o
 .group         0x0000000000000000        0xc /tmp/cckCHnR0.o
 .group         0x0000000000000000        0xc /tmp/cckCHnR0.o
 .group         0x0000000000000000        0xc /tmp/cckCHnR0.o
 .group         0x0000000000000000        0xc /tmp/cckCHnR0.o
 .group         0x0000000000000000        0xc /tmp/cckCHnR0.o
 .group         0x0000000000000000        0xc /tmp/cckCHnR0.o
 .group         0x0000000000000000        0xc /tmp/cckCHnR0.o
 .group         0x0000000000000000        0xc /tmp/cckCHnR0.o
 .group         0x0000000000000000        0xc /tmp/cckCHnR0.o
 .group         0x0000000000000000        0xc /tmp/cckCHnR0.o
 .group         0x0000000000000000        0xc /tmp/cckCHnR0.o
 .group         0x0000000000000000        0xc /tmp/cckCHnR0.o
 .group         0x0000000000000000        0xc /tmp/cckCHnR0.o
 .group         0x0000000000000000        0xc /tmp/cckCHnR0.o
 .group         0x0000000000000000        0xc /tmp/cckCHnR0.o
 .group         0x0000000000000000        0xc /tmp/cckCHnR0.o
 .group         0x0000000000000000        0xc /tmp/cckCHnR0.o
 .group         0x0000000000000000        0xc /tmp/cckCHnR0.o
 .group         0x0000000000000000        0xc /tmp/cckCHnR0.o
 .group         0x0000000000000000        0xc /tmp/cckCHnR0.o
 .group         0x0000000000000000        0xc /tmp/cckCHnR0.o
 .group         0x0000000000000000        0xc /tmp/cckCHnR0.o
 .group         0x0000000000000000        0xc /tmp/cckCHnR0.o
 .group         0x0000000000000000        0xc /tmp/cckCHnR0.o
 .group         0x0000000000000000        0xc /tmp/cckCHnR0.o
 .group         0x0000000000000000        0xc /tmp/cckCHnR0.o
 .group         0x0000000000000000        0xc /tmp/cckCHnR0.o
 .group         0x0000000000000000        0xc /tmp/cckCHnR0.o
 .group         0x0000000000000000        0xc /tmp/cckCHnR0.o
 .group         0x0000000000000000        0xc /tmp/cckCHnR0.o
 .group         0x0000000000000000        0xc /tmp/cckCHnR0.o
 .group         0x0000000000000000        0xc /tmp/cckCHnR0.o
 .group         0x0000000000000000        0xc /tmp/cckCHnR0.o
 .group         0x0000000000000000        0xc /tmp/cckCHnR0.o
 .group         0x0000000000000000        0xc /tmp/cckCHnR0.o
 .group         0x0000000000000000        0xc /tmp/cckCHnR0.o
 .group         0x0000000000000000        0xc /tmp/cckCHnR0.o
 .group         0x0000000000000000        0xc /tmp/cckCHnR0.o
 .group         0x0000000000000000        0xc /tmp/cckCHnR0.o
 .text          0x0000000000000000        0x0 /tmp/cckCHnR0.o
 .data          0x0000000000000000        0x0 /tmp/cckCHnR0.o
 .bss           0x0000000000000000        0x0 /tmp/cckCHnR0.o
 .bss.receivedData
                0x0000000000000000        0x1 /tmp/cckCHnR0.o
 .debug_macro   0x0000000000000000      0xa42 /tmp/cckCHnR0.o
 .debug_macro   0x0000000000000000       0x22 /tmp/cckCHnR0.o
 .debug_macro   0x0000000000000000       0x46 /tmp/cckCHnR0.o
 .debug_macro   0x0000000000000000       0x18 /tmp/cckCHnR0.o
 .debug_macro   0x0000000000000000       0x94 /tmp/cckCHnR0.o
 .debug_macro   0x0000000000000000       0x3c /tmp/cckCHnR0.o
 .debug_macro   0x0000000000000000      0x103 /tmp/cckCHnR0.o
 .debug_macro   0x0000000000000000       0x3a /tmp/cckCHnR0.o
 .debug_macro   0x0000000000000000      0x34e /tmp/cckCHnR0.o
 .debug_macro   0x0000000000000000       0x82 /tmp/cckCHnR0.o
 .debug_macro   0x0000000000000000      0x379 /tmp/cckCHnR0.o
 .debug_macro   0x0000000000000000       0x22 /tmp/cckCHnR0.o
 .debug_macro   0x0000000000000000       0x1c /tmp/cckCHnR0.o
 .debug_macro   0x0000000000000000       0x57 /tmp/cckCHnR0.o
 .debug_macro   0x0000000000000000       0x97 /tmp/cckCHnR0.o
 .debug_macro   0x0000000000000000      0x333 /tmp/cckCHnR0.o
 .debug_macro   0x0000000000000000       0x8d /tmp/cckCHnR0.o
 .debug_macro   0x0000000000000000       0x10 /tmp/cckCHnR0.o
 .debug_macro   0x0000000000000000       0x16 /tmp/cckCHnR0.o
 .debug_macro   0x0000000000000000       0x43 /tmp/cckCHnR0.o
 .debug_macro   0x0000000000000000       0x34 /tmp/cckCHnR0.o
 .debug_macro   0x0000000000000000       0x10 /tmp/cckCHnR0.o
 .debug_macro   0x0000000000000000       0x52 /tmp/cckCHnR0.o
 .debug_macro   0x0000000000000000       0x71 /tmp/cckCHnR0.o
 .debug_macro   0x0000000000000000       0x1c /tmp/cckCHnR0.o
 .debug_macro   0x0000000000000000      0x12a /tmp/cckCHnR0.o
 .debug_macro   0x0000000000000000       0x10 /tmp/cckCHnR0.o
 .debug_macro   0x0000000000000000       0x6a /tmp/cckCHnR0.o
 .debug_macro   0x0000000000000000       0x1c /tmp/cckCHnR0.o
 .debug_macro   0x0000000000000000       0x52 /tmp/cckCHnR0.o
 .debug_macro   0x0000000000000000       0x22 /tmp/cckCHnR0.o
 .debug_macro   0x0000000000000000       0x10 /tmp/cckCHnR0.o
 .debug_macro   0x0000000000000000       0x40 /tmp/cckCHnR0.o
 .debug_macro   0x0000000000000000       0xd5 /tmp/cckCHnR0.o
 .debug_macro   0x0000000000000000       0x1c /tmp/cckCHnR0.o
 .debug_macro   0x0000000000000000       0x3d /tmp/cckCHnR0.o
 .debug_macro   0x0000000000000000       0x16 /tmp/cckCHnR0.o
 .debug_macro   0x0000000000000000      0x145 /tmp/cckCHnR0.o
 .debug_macro   0x0000000000000000       0x16 /tmp/cckCHnR0.o
 .debug_macro   0x0000000000000000       0x35 /tmp/cckCHnR0.o
 .debug_macro   0x0000000000000000       0x10 /tmp/cckCHnR0.o
 .debug_macro   0x0000000000000000       0x41 /tmp/cckCHnR0.o
 .debug_macro   0x0000000000000000      0x12c /tmp/cckCHnR0.o
 .debug_macro   0x0000000000000000       0x16 /tmp/cckCHnR0.o
 .debug_macro   0x0000000000000000       0x16 /tmp/cckCHnR0.o
 .debug_macro   0x0000000000000000       0x29 /tmp/cckCHnR0.o
 .debug_macro   0x0000000000000000       0x22 /tmp/cckCHnR0.o
 .debug_macro   0x0000000000000000       0x1c /tmp/cckCHnR0.o
 .debug_macro   0x0000000000000000       0x22 /tmp/cckCHnR0.o
 .debug_macro   0x0000000000000000       0xaf /tmp/cckCHnR0.o
 .debug_macro   0x0000000000000000      0x391 /tmp/cckCHnR0.o
 .debug_macro   0x0000000000000000     0xfe50 /tmp/cckCHnR0.o
 .debug_macro   0x0000000000000000       0x34 /tmp/cckCHnR0.o
 .debug_macro   0x0000000000000000       0x10 /tmp/cckCHnR0.o
 .text          0x0000000000000000       0x14 /tmp/ccYBYMoW.o
 .data          0x0000000000000000        0x0 /tmp/ccYBYMoW.o
 .bss           0x0000000000000000        0x0 /tmp/ccYBYMoW.o
 .data          0x0000000000000000        0x0 /usr/lib/gcc/arm-none-eabi/10.3.1/../../../arm-none-eabi/lib/thumb/v6-m/nofp/libc_nano.a(lib_a-init.o)
 .bss           0x0000000000000000        0x0 /usr/lib/gcc/arm-none-eabi/10.3.1/../../../arm-none-eabi/lib/thumb/v6-m/nofp/libc_nano.a(lib_a-init.o)
 .data          0x0000000000000000        0x0 /usr/lib/gcc/arm-none-eabi/10.3.1/thumb/v6-m/nofp/libgcc.a(_udivsi3.o)
 .bss           0x0000000000000000        0x0 /usr/lib/gcc/arm-none-eabi/10.3.1/thumb/v6-m/nofp/libgcc.a(_udivsi3.o)
 .data          0x0000000000000000        0x0 /usr/lib/gcc/arm-none-eabi/10.3.1/thumb/v6-m/nofp/libgcc.a(_dvmd_tls.o)
 .bss           0x0000000000000000        0x0 /usr/lib/gcc/arm-none-eabi/10.3.1/thumb/v6-m/nofp/libgcc.a(_dvmd_tls.o)

Memory Configuration

Name             Origin             Length             Attributes
flash            0x0000000008000000 0x0000000000020000 xr
sram             0x0000000020000000 0x0000000000004000 xrw
*default*        0x0000000000000000 0xffffffffffffffff

Linker script and memory map

LOAD /tmp/cc0wLSsh.o
LOAD /tmp/cczcBzgJ.o
LOAD /tmp/ccarhngx.o
LOAD /tmp/cckCHnR0.o
LOAD /tmp/ccYBYMoW.o
LOAD /usr/lib/gcc/arm-none-eabi/10.3.1/../../../arm-none-eabi/lib/thumb/v6-m/nofp/libc_nano.a
LOAD /usr/lib/gcc/arm-none-eabi/10.3.1/thumb/v6-m/nofp/libgcc.a
                0x0000000020004000                _estack = (ORIGIN (sram) + LENGTH (sram))

.vectors        0x0000000008000000       0xc0
 *(.isr_vector)
 .isr_vector    0x0000000008000000       0xc0 /tmp/ccYBYMoW.o
                0x0000000008000000                g_pfnVectors

.text           0x00000000080000c0      0x40c
 *(.text*)
 .text.SystemInit
                0x00000000080000c0        0x2 /tmp/cc0wLSsh.o
                0x00000000080000c0                SystemInit
 *fill*         0x00000000080000c2        0x2 
 .text.startup.main
                0x00000000080000c4       0x54 /tmp/cc0wLSsh.o
                0x00000000080000c4                main
 .text._init    0x0000000008000118        0x2 /tmp/cczcBzgJ.o
                0x0000000008000118                _init
 *fill*         0x000000000800011a        0x2 
 .text.gpio_set_mode
                0x000000000800011c       0x3c /tmp/ccarhngx.o
                0x000000000800011c                gpio_set_mode
 .text.gpioSetAF
                0x0000000008000158       0x40 /tmp/ccarhngx.o
                0x0000000008000158                gpioSetAF
 .text.uartDataAvailable
                0x0000000008000198       0x1c /tmp/cckCHnR0.o
                0x0000000008000198                uartDataAvailable
 .text.uartReadByteFromBuffer
                0x00000000080001b4       0x30 /tmp/cckCHnR0.o
                0x00000000080001b4                uartReadByteFromBuffer
 .text.uartInit
                0x00000000080001e4       0x78 /tmp/cckCHnR0.o
                0x00000000080001e4                uartInit
 .text.uartWriteBuf
                0x000000000800025c       0x40 /tmp/cckCHnR0.o
                0x000000000800025c                uartWriteBuf
 .text.USART1_IRQHandler
                0x000000000800029c       0x80 /tmp/cckCHnR0.o
                0x000000000800029c                USART1_IRQHandler
 .text.Reset_Handler
                0x000000000800031c       0x50 /tmp/ccYBYMoW.o
                0x000000000800031c                Reset_Handler
 .text.Default_Handler
                0x000000000800036c        0x2 /tmp/ccYBYMoW.o
                0x000000000800036c                TIM1_CC_IRQHandler
                0x000000000800036c                TSC_IRQHandler
                0x000000000800036c                HardFault_Handler
                0x000000000800036c                ADC1_COMP_IRQHandler
                0x000000000800036c                SysTick_Handler
                0x000000000800036c                PendSV_Handler
                0x000000000800036c                NMI_Handler
                0x000000000800036c                I2C1_IRQHandler
                0x000000000800036c                RCC_CRS_IRQHandler
                0x000000000800036c                SPI1_IRQHandler
                0x000000000800036c                TIM6_DAC_IRQHandler
                0x000000000800036c                USART3_4_IRQHandler
                0x000000000800036c                EXTI2_3_IRQHandler
                0x000000000800036c                I2C2_IRQHandler
                0x000000000800036c                TIM17_IRQHandler
                0x000000000800036c                CEC_CAN_IRQHandler
                0x000000000800036c                RTC_IRQHandler
                0x000000000800036c                PVD_VDDIO2_IRQHandler
                0x000000000800036c                DMA1_Channel4_5_6_7_IRQHandler
                0x000000000800036c                TIM16_IRQHandler
                0x000000000800036c                TIM3_IRQHandler
                0x000000000800036c                EXTI4_15_IRQHandler
                0x000000000800036c                DMA1_Channel1_IRQHandler
                0x000000000800036c                Default_Handler
                0x000000000800036c                TIM14_IRQHandler
                0x000000000800036c                TIM7_IRQHandler
                0x000000000800036c                TIM15_IRQHandler
                0x000000000800036c                EXTI0_1_IRQHandler
                0x000000000800036c                USB_IRQHandler
                0x000000000800036c                SPI2_IRQHandler
                0x000000000800036c                SVC_Handler
                0x000000000800036c                WWDG_IRQHandler
                0x000000000800036c                TIM2_IRQHandler
                0x000000000800036c                DMA1_Channel2_3_IRQHandler
                0x000000000800036c                USART2_IRQHandler
                0x000000000800036c                FLASH_IRQHandler
                0x000000000800036c                TIM1_BRK_UP_TRG_COM_IRQHandler
 *fill*         0x000000000800036e        0x2 
 .text          0x0000000008000370       0x44 /usr/lib/gcc/arm-none-eabi/10.3.1/../../../arm-none-eabi/lib/thumb/v6-m/nofp/libc_nano.a(lib_a-init.o)
                0x0000000008000370                __libc_init_array
 .text          0x00000000080003b4      0x114 /usr/lib/gcc/arm-none-eabi/10.3.1/thumb/v6-m/nofp/libgcc.a(_udivsi3.o)
                0x00000000080003b4                __udivsi3
                0x00000000080003b4                __aeabi_uidiv
                0x00000000080004c0                __aeabi_uidivmod
 .text          0x00000000080004c8        0x4 /usr/lib/gcc/arm-none-eabi/10.3.1/thumb/v6-m/nofp/libgcc.a(_dvmd_tls.o)
                0x00000000080004c8                __aeabi_ldiv0
                0x00000000080004c8                __aeabi_idiv0

.glue_7         0x00000000080004cc        0x0
 .glue_7        0x00000000080004cc        0x0 linker stubs

.glue_7t        0x00000000080004cc        0x0
 .glue_7t       0x00000000080004cc        0x0 linker stubs

.vfp11_veneer   0x00000000080004cc        0x0
 .vfp11_veneer  0x00000000080004cc        0x0 linker stubs

.v4_bx          0x00000000080004cc        0x0
 .v4_bx         0x00000000080004cc        0x0 linker stubs

.iplt           0x00000000080004cc        0x0
 .iplt          0x00000000080004cc        0x0 /tmp/cc0wLSsh.o

.rodata         0x00000000080004cc        0xe
 *(.rodata*)
 .rodata.main.str1.1
                0x00000000080004cc        0xe /tmp/cc0wLSsh.o

.rel.dyn        0x00000000080004dc        0x0
 .rel.iplt      0x00000000080004dc        0x0 /tmp/cc0wLSsh.o

.data           0x0000000020000000        0x0 load address 0x00000000080004da
                0x0000000020000000                _sdata = .
 *(.first_data)
 *(.data SORT_BY_NAME(.data.*))
                0x0000000020000000                _edata = .
                0x00000000080004da                _sidata = LOADADDR (.data)

.igot.plt       0x0000000020000000        0x0 load address 0x00000000080004da
 .igot.plt      0x0000000020000000        0x0 /tmp/cc0wLSsh.o

.bss            0x0000000020000000      0x205 load address 0x00000000080004da
                0x0000000020000000                _sbss = .
 *(.bss SORT_BY_NAME(.bss.*) COMMON)
 .bss.dataReceivedFlag
                0x0000000020000000        0x1 /tmp/cckCHnR0.o
                0x0000000020000000                dataReceivedFlag
 .bss.rxBuffer  0x0000000020000001      0x100 /tmp/cckCHnR0.o
                0x0000000020000001                rxBuffer
 .bss.rxHead    0x0000000020000101        0x1 /tmp/cckCHnR0.o
                0x0000000020000101                rxHead
 .bss.rxTail    0x0000000020000102        0x1 /tmp/cckCHnR0.o
                0x0000000020000102                rxTail
 .bss.txBuffer  0x0000000020000103      0x100 /tmp/cckCHnR0.o
                0x0000000020000103                txBuffer
 .bss.txHead    0x0000000020000203        0x1 /tmp/cckCHnR0.o
                0x0000000020000203                txHead
 .bss.txTail    0x0000000020000204        0x1 /tmp/cckCHnR0.o
                0x0000000020000204                txTail
                0x0000000020000205                _ebss = .
                0x0000000020000205                _end = .
OUTPUT(firmware.elf elf32-littlearm)
LOAD linker stubs

.debug_info     0x0000000000000000     0x168d
 .debug_info    0x0000000000000000      0x271 /tmp/cc0wLSsh.o
 .debug_info    0x0000000000000271      0x752 /tmp/cczcBzgJ.o
 .debug_info    0x00000000000009c3      0x37e /tmp/ccarhngx.o
 .debug_info    0x0000000000000d41      0x7c4 /tmp/cckCHnR0.o
 .debug_info    0x0000000000001505       0x22 /tmp/ccYBYMoW.o
 .debug_info    0x0000000000001527      0x11a /usr/lib/gcc/arm-none-eabi/10.3.1/../../../arm-none-eabi/lib/thumb/v6-m/nofp/libc_nano.a(lib_a-init.o)
 .debug_info    0x0000000000001641       0x26 /usr/lib/gcc/arm-none-eabi/10.3.1/thumb/v6-m/nofp/libgcc.a(_udivsi3.o)
 .debug_info    0x0000000000001667       0x26 /usr/lib/gcc/arm-none-eabi/10.3.1/thumb/v6-m/nofp/libgcc.a(_dvmd_tls.o)

.debug_abbrev   0x0000000000000000      0x864
 .debug_abbrev  0x0000000000000000      0x12a /tmp/cc0wLSsh.o
 .debug_abbrev  0x000000000000012a      0x27a /tmp/cczcBzgJ.o
 .debug_abbrev  0x00000000000003a4      0x144 /tmp/ccarhngx.o
 .debug_abbrev  0x00000000000004e8      0x276 /tmp/cckCHnR0.o
 .debug_abbrev  0x000000000000075e       0x12 /tmp/ccYBYMoW.o
 .debug_abbrev  0x0000000000000770       0xcc /usr/lib/gcc/arm-none-eabi/10.3.1/../../../arm-none-eabi/lib/thumb/v6-m/nofp/libc_nano.a(lib_a-init.o)
 .debug_abbrev  0x000000000000083c       0x14 /usr/lib/gcc/arm-none-eabi/10.3.1/thumb/v6-m/nofp/libgcc.a(_udivsi3.o)
 .debug_abbrev  0x0000000000000850       0x14 /usr/lib/gcc/arm-none-eabi/10.3.1/thumb/v6-m/nofp/libgcc.a(_dvmd_tls.o)

.debug_aranges  0x0000000000000000      0x1b0
 .debug_aranges
                0x0000000000000000       0x28 /tmp/cc0wLSsh.o
 .debug_aranges
                0x0000000000000028       0x88 /tmp/cczcBzgJ.o
 .debug_aranges
                0x00000000000000b0       0x38 /tmp/ccarhngx.o
 .debug_aranges
                0x00000000000000e8       0x40 /tmp/cckCHnR0.o
 .debug_aranges
                0x0000000000000128       0x28 /tmp/ccYBYMoW.o
 .debug_aranges
                0x0000000000000150       0x20 /usr/lib/gcc/arm-none-eabi/10.3.1/../../../arm-none-eabi/lib/thumb/v6-m/nofp/libc_nano.a(lib_a-init.o)
 .debug_aranges
                0x0000000000000170       0x20 /usr/lib/gcc/arm-none-eabi/10.3.1/thumb/v6-m/nofp/libgcc.a(_udivsi3.o)
 .debug_aranges
                0x0000000000000190       0x20 /usr/lib/gcc/arm-none-eabi/10.3.1/thumb/v6-m/nofp/libgcc.a(_dvmd_tls.o)

.debug_ranges   0x0000000000000000      0x170
 .debug_ranges  0x0000000000000000       0x30 /tmp/cc0wLSsh.o
 .debug_ranges  0x0000000000000030       0x78 /tmp/cczcBzgJ.o
 .debug_ranges  0x00000000000000a8       0x28 /tmp/ccarhngx.o
 .debug_ranges  0x00000000000000d0       0x80 /tmp/cckCHnR0.o
 .debug_ranges  0x0000000000000150       0x20 /tmp/ccYBYMoW.o

.debug_macro    0x0000000000000000    0x13512
 .debug_macro   0x0000000000000000      0x293 /tmp/cc0wLSsh.o
 .debug_macro   0x0000000000000293      0xa42 /tmp/cc0wLSsh.o
 .debug_macro   0x0000000000000cd5       0x22 /tmp/cc0wLSsh.o
 .debug_macro   0x0000000000000cf7       0x46 /tmp/cc0wLSsh.o
 .debug_macro   0x0000000000000d3d       0x18 /tmp/cc0wLSsh.o
 .debug_macro   0x0000000000000d55       0x94 /tmp/cc0wLSsh.o
 .debug_macro   0x0000000000000de9       0x3c /tmp/cc0wLSsh.o
 .debug_macro   0x0000000000000e25      0x103 /tmp/cc0wLSsh.o
 .debug_macro   0x0000000000000f28       0x3a /tmp/cc0wLSsh.o
 .debug_macro   0x0000000000000f62      0x34e /tmp/cc0wLSsh.o
 .debug_macro   0x00000000000012b0       0x82 /tmp/cc0wLSsh.o
 .debug_macro   0x0000000000001332      0x379 /tmp/cc0wLSsh.o
 .debug_macro   0x00000000000016ab       0x22 /tmp/cc0wLSsh.o
 .debug_macro   0x00000000000016cd       0x1c /tmp/cc0wLSsh.o
 .debug_macro   0x00000000000016e9       0x57 /tmp/cc0wLSsh.o
 .debug_macro   0x0000000000001740       0x97 /tmp/cc0wLSsh.o
 .debug_macro   0x00000000000017d7      0x333 /tmp/cc0wLSsh.o
 .debug_macro   0x0000000000001b0a       0x8d /tmp/cc0wLSsh.o
 .debug_macro   0x0000000000001b97       0x10 /tmp/cc0wLSsh.o
 .debug_macro   0x0000000000001ba7       0x16 /tmp/cc0wLSsh.o
 .debug_macro   0x0000000000001bbd       0x43 /tmp/cc0wLSsh.o
 .debug_macro   0x0000000000001c00       0x34 /tmp/cc0wLSsh.o
 .debug_macro   0x0000000000001c34       0x10 /tmp/cc0wLSsh.o
 .debug_macro   0x0000000000001c44       0x52 /tmp/cc0wLSsh.o
 .debug_macro   0x0000000000001c96       0x71 /tmp/cc0wLSsh.o
 .debug_macro   0x0000000000001d07       0x1c /tmp/cc0wLSsh.o
 .debug_macro   0x0000000000001d23      0x12a /tmp/cc0wLSsh.o
 .debug_macro   0x0000000000001e4d       0x10 /tmp/cc0wLSsh.o
 .debug_macro   0x0000000000001e5d       0x6a /tmp/cc0wLSsh.o
 .debug_macro   0x0000000000001ec7       0x1c /tmp/cc0wLSsh.o
 .debug_macro   0x0000000000001ee3       0x52 /tmp/cc0wLSsh.o
 .debug_macro   0x0000000000001f35       0x22 /tmp/cc0wLSsh.o
 .debug_macro   0x0000000000001f57       0x10 /tmp/cc0wLSsh.o
 .debug_macro   0x0000000000001f67       0x40 /tmp/cc0wLSsh.o
 .debug_macro   0x0000000000001fa7       0xd5 /tmp/cc0wLSsh.o
 .debug_macro   0x000000000000207c       0x1c /tmp/cc0wLSsh.o
 .debug_macro   0x0000000000002098       0x3d /tmp/cc0wLSsh.o
 .debug_macro   0x00000000000020d5       0x16 /tmp/cc0wLSsh.o
 .debug_macro   0x00000000000020eb      0x145 /tmp/cc0wLSsh.o
 .debug_macro   0x0000000000002230       0x16 /tmp/cc0wLSsh.o
 .debug_macro   0x0000000000002246       0x35 /tmp/cc0wLSsh.o
 .debug_macro   0x000000000000227b       0x10 /tmp/cc0wLSsh.o
 .debug_macro   0x000000000000228b       0x41 /tmp/cc0wLSsh.o
 .debug_macro   0x00000000000022cc      0x12c /tmp/cc0wLSsh.o
 .debug_macro   0x00000000000023f8       0x16 /tmp/cc0wLSsh.o
 .debug_macro   0x000000000000240e       0x16 /tmp/cc0wLSsh.o
 .debug_macro   0x0000000000002424       0x29 /tmp/cc0wLSsh.o
 .debug_macro   0x000000000000244d       0x22 /tmp/cc0wLSsh.o
 .debug_macro   0x000000000000246f       0x1c /tmp/cc0wLSsh.o
 .debug_macro   0x000000000000248b       0x22 /tmp/cc0wLSsh.o
 .debug_macro   0x00000000000024ad       0xaf /tmp/cc0wLSsh.o
 .debug_macro   0x000000000000255c      0x391 /tmp/cc0wLSsh.o
 .debug_macro   0x00000000000028ed     0xfe50 /tmp/cc0wLSsh.o
 .debug_macro   0x000000000001273d       0x34 /tmp/cc0wLSsh.o
 .debug_macro   0x0000000000012771       0x10 /tmp/cc0wLSsh.o
 .debug_macro   0x0000000000012781      0x2a1 /tmp/cczcBzgJ.o
 .debug_macro   0x0000000000012a22       0x34 /tmp/cczcBzgJ.o
 .debug_macro   0x0000000000012a56      0x174 /tmp/cczcBzgJ.o
 .debug_macro   0x0000000000012bca       0x10 /tmp/cczcBzgJ.o
 .debug_macro   0x0000000000012bda       0x10 /tmp/cczcBzgJ.o
 .debug_macro   0x0000000000012bea       0x35 /tmp/cczcBzgJ.o
 .debug_macro   0x0000000000012c1f      0x3c6 /tmp/cczcBzgJ.o
 .debug_macro   0x0000000000012fe5       0x10 /tmp/cczcBzgJ.o
 .debug_macro   0x0000000000012ff5      0x28a /tmp/ccarhngx.o
 .debug_macro   0x000000000001327f      0x293 /tmp/cckCHnR0.o

.debug_line     0x0000000000000000     0x1764
 .debug_line    0x0000000000000000      0x41f /tmp/cc0wLSsh.o
 .debug_line    0x000000000000041f      0x5ae /tmp/cczcBzgJ.o
 .debug_line    0x00000000000009cd      0x4e0 /tmp/ccarhngx.o
 .debug_line    0x0000000000000ead      0x62f /tmp/cckCHnR0.o
 .debug_line    0x00000000000014dc       0x95 /tmp/ccYBYMoW.o
 .debug_line    0x0000000000001571      0x127 /usr/lib/gcc/arm-none-eabi/10.3.1/../../../arm-none-eabi/lib/thumb/v6-m/nofp/libc_nano.a(lib_a-init.o)
 .debug_line    0x0000000000001698       0x6c /usr/lib/gcc/arm-none-eabi/10.3.1/thumb/v6-m/nofp/libgcc.a(_udivsi3.o)
 .debug_line    0x0000000000001704       0x60 /usr/lib/gcc/arm-none-eabi/10.3.1/thumb/v6-m/nofp/libgcc.a(_dvmd_tls.o)

.debug_str      0x0000000000000000    0x5f9ef
 .debug_str     0x0000000000000000    0x5f204 /tmp/cc0wLSsh.o
                                      0x5f476 (size before relaxing)
 .debug_str     0x000000000005f204      0x283 /tmp/cczcBzgJ.o
                                      0x5f6dc (size before relaxing)
 .debug_str     0x000000000005f487       0xc4 /tmp/ccarhngx.o
                                      0x5f477 (size before relaxing)
 .debug_str     0x000000000005f54b      0x262 /tmp/cckCHnR0.o
                                      0x5f7d5 (size before relaxing)
 .debug_str     0x000000000005f7ad       0x40 /tmp/ccYBYMoW.o
                                         0x6c (size before relaxing)
 .debug_str     0x000000000005f7ed      0x15c /usr/lib/gcc/arm-none-eabi/10.3.1/../../../arm-none-eabi/lib/thumb/v6-m/nofp/libc_nano.a(lib_a-init.o)
                                        0x204 (size before relaxing)
 .debug_str     0x000000000005f949       0xa6 /usr/lib/gcc/arm-none-eabi/10.3.1/thumb/v6-m/nofp/libgcc.a(_udivsi3.o)
 .debug_str     0x000000000005f9ef       0xa6 /usr/lib/gcc/arm-none-eabi/10.3.1/thumb/v6-m/nofp/libgcc.a(_dvmd_tls.o)

.comment        0x0000000000000000       0x33
 .comment       0x0000000000000000       0x33 /tmp/cc0wLSsh.o
                                         0x34 (size before relaxing)
 .comment       0x0000000000000033       0x34 /tmp/cczcBzgJ.o
 .comment       0x0000000000000033       0x34 /tmp/ccarhngx.o
 .comment       0x0000000000000033       0x34 /tmp/cckCHnR0.o
 .comment       0x0000000000000033       0x34 /usr/lib/gcc/arm-none-eabi/10.3.1/../../../arm-none-eabi/lib/thumb/v6-m/nofp/libc_nano.a(lib_a-init.o)

.ARM.attributes
                0x0000000000000000       0x2a
 .ARM.attributes
                0x0000000000000000       0x2c /tmp/cc0wLSsh.o
 .ARM.attributes
                0x000000000000002c       0x2c /tmp/cczcBzgJ.o
 .ARM.attributes
                0x0000000000000058       0x2c /tmp/ccarhngx.o
 .ARM.attributes
                0x0000000000000084       0x2c /tmp/cckCHnR0.o
 .ARM.attributes
                0x00000000000000b0       0x21 /tmp/ccYBYMoW.o
 .ARM.attributes
                0x00000000000000d1       0x2c /usr/lib/gcc/arm-none-eabi/10.3.1/../../../arm-none-eabi/lib/thumb/v6-m/nofp/libc_nano.a(lib_a-init.o)
 .ARM.attributes
                0x00000000000000fd       0x1e /usr/lib/gcc/arm-none-eabi/10.3.1/thumb/v6-m/nofp/libgcc.a(_udivsi3.o)
 .ARM.attributes
                0x000000000000011b       0x1e /usr/lib/gcc/arm-none-eabi/10.3.1/thumb/v6-m/nofp/libgcc.a(_dvmd_tls.o)

.debug_frame    0x0000000000000000      0x29c
 .debug_frame   0x0000000000000000       0x40 /tmp/cc0wLSsh.o
 .debug_frame   0x0000000000000040      0x118 /tmp/cczcBzgJ.o
 .debug_frame   0x0000000000000158       0x6c /tmp/ccarhngx.o
 .debug_frame   0x00000000000001c4       0x8c /tmp/cckCHnR0.o
 .debug_frame   0x0000000000000250       0x2c /usr/lib/gcc/arm-none-eabi/10.3.1/../../../arm-none-eabi/lib/thumb/v6-m/nofp/libc_nano.a(lib_a-init.o)
 .debug_frame   0x000000000000027c       0x20 /usr/lib/gcc/arm-none-eabi/10.3.1/thumb/v6-m/nofp/libgcc.a(_udivsi3.o)

.debug_loc      0x0000000000000000      0x611
 .debug_loc     0x0000000000000000      0x210 /tmp/cczcBzgJ.o
 .debug_loc     0x0000000000000210      0x1d2 /tmp/ccarhngx.o
 .debug_loc     0x00000000000003e2      0x197 /tmp/cckCHnR0.o
 .debug_loc     0x0000000000000579       0x98 /usr/lib/gcc/arm-none-eabi/10.3.1/../../../arm-none-eabi/lib/thumb/v6-m/nofp/libc_nano.a(lib_a-init.o)
